// Jest Snapshot v1, https://goo.gl/fbAQLP

exports[`Tooltip renders correctly 1`] = `
.c0 {
  color: #44494e;
  cursor: pointer;
}

.c0 [tooltip] {
  position: relative;
}

.c0 [tooltip]::before,
.c0 [tooltip]::after {
  text-transform: none;
  line-height: 1;
  font-size: 0.875rem;
  -webkit-user-select: none;
  -moz-user-select: none;
  -ms-user-select: none;
  user-select: none;
  pointer-events: none;
  position: absolute;
  display: none;
  opacity: 0;
}

.c0 [tooltip]::before {
  content: '';
  border: 5px solid transparent;
  z-index: 1001;
}

.c0 [tooltip]::after {
  content: attr(tooltip);
  text-align: center;
  min-width: 16em;
  max-width: 21em;
  overflow: hidden;
  text-overflow: ellipsis;
  padding: 1ch 1.5ch;
  border-radius: 0.3em;
  box-shadow: 0 1em 2em -0.5em rgba(0,0,0,0.35);
  background: #286090;
  color: #fff;
  z-index: 1000;
  opacity: 0.8;
}

.c0 [tooltip]:hover::before,
.c0 [tooltip]:hover::after {
  display: block;
}

.c0 [tooltip]:not([flow])::before,
.c0 [tooltip][flow^='up']::before {
  bottom: 100%;
  border-bottom-width: 0;
  border-top-color: #286090;
}

.c0 [tooltip]:not([flow])::after,
.c0 [tooltip][flow^='up']::after {
  bottom: calc(100% + 5px);
}

.c0 [tooltip]:not([flow])::before,
.c0 [tooltip]:not([flow])::after,
.c0 [tooltip][flow^='up']::before,
.c0 [tooltip][flow^='up']::after {
  left: 50%;
  -webkit-transform: translate(-50%,0.5em);
  -ms-transform: translate(-50%,0.5em);
  transform: translate(-50%,0.5em);
}

.c0 [tooltip][flow^='down']::before {
  top: 100%;
  border-top-width: 0;
  border-bottom-color: #286090;
}

.c0 [tooltip][flow^='down']::after {
  top: calc(100% + 5px);
}

.c0 [tooltip][flow^='down']::before,
.c0 [tooltip][flow^='down']::after {
  left: 50%;
  -webkit-transform: translate(-50%,-0.5em);
  -ms-transform: translate(-50%,-0.5em);
  transform: translate(-50%,-0.5em);
}

.c0 [tooltip][flow$='-left']::after {
  right: 50%;
  left: auto;
}

.c0 [tooltip][flow='up-left']::after {
  -webkit-transform: translate(1.5em,0.5em);
  -ms-transform: translate(1.5em,0.5em);
  transform: translate(1.5em,0.5em);
}

.c0 [tooltip][flow='down-left']::after {
  -webkit-transform: translate(1.5em,-0.5em);
  -ms-transform: translate(1.5em,-0.5em);
  transform: translate(1.5em,-0.5em);
}

.c0 [tooltip][flow='up-right']::after {
  -webkit-transform: translate(-1.5em,0.5em);
  -ms-transform: translate(-1.5em,0.5em);
  transform: translate(-1.5em,0.5em);
}

.c0 [tooltip][flow='down-right']::after {
  -webkit-transform: translate(-1.5em,-0.5em);
  -ms-transform: translate(-1.5em,-0.5em);
  transform: translate(-1.5em,-0.5em);
}

.c0 [tooltip][flow='left']::before {
  top: 50%;
  border-right-width: 0;
  border-left-color: #286090;
  left: -5px;
  -webkit-transform: translate(0.5em,-50%);
  -ms-transform: translate(0.5em,-50%);
  transform: translate(0.5em,-50%);
}

.c0 [tooltip][flow='left']::after {
  top: 50%;
  right: calc(100% + 5px);
  -webkit-transform: translate(0.5em,-50%);
  -ms-transform: translate(0.5em,-50%);
  transform: translate(0.5em,-50%);
}

.c0 [tooltip][flow='right']::before {
  top: 50%;
  border-left-width: 0;
  border-right-color: #286090;
  right: -5px;
  -webkit-transform: translate(-0.5em,-50%);
  -ms-transform: translate(-0.5em,-50%);
  transform: translate(-0.5em,-50%);
}

.c0 [tooltip][flow='right']::after {
  top: 50%;
  left: calc(100% + 5px);
  -webkit-transform: translate(-0.5em,-50%);
  -ms-transform: translate(-0.5em,-50%);
  transform: translate(-0.5em,-50%);
}

.c0 [tooltip]:not([flow]):hover::before,
.c0 [tooltip]:not([flow]):hover::after,
.c0 [tooltip][flow^='up']:hover::before,
.c0 [tooltip][flow^='up']:hover::after,
.c0 [tooltip][flow^='down']:hover::before,
.c0 [tooltip][flow^='down']:hover::after {
  -webkit-animation: jPlHlO 150ms cubic-bezier(0.5,0,0.6,1.3) 1ms forwards;
  animation: jPlHlO 150ms cubic-bezier(0.5,0,0.6,1.3) 1ms forwards;
}

.c0 [tooltip][flow$='-right']:hover::after {
  -webkit-animation: kBIUTL 150ms cubic-bezier(0.5,0,0.6,1.3) 1ms forwards;
  animation: kBIUTL 150ms cubic-bezier(0.5,0,0.6,1.3) 1ms forwards;
}

.c0 [tooltip][flow$='-left']:hover::after {
  -webkit-animation: gLBLdO 150ms cubic-bezier(0.5,0,0.6,1.3) 1ms forwards;
  animation: gLBLdO 150ms cubic-bezier(0.5,0,0.6,1.3) 1ms forwards;
}

.c0 [tooltip][flow='left']:hover::before,
.c0 [tooltip][flow='left']:hover::after,
.c0 [tooltip][flow='right']:hover::before,
.c0 [tooltip][flow='right']:hover::after {
  -webkit-animation: fAURSX 150ms cubic-bezier(0.5,0,0.6,1.3) 1ms forwards;
  animation: fAURSX 150ms cubic-bezier(0.5,0,0.6,1.3) 1ms forwards;
}

.c0 [tooltip='']::after,
.c0 [tooltip='']::before {
  display: none !important;
}

<div
  className="c0"
  color={null}
  style={Object {}}
>
  <span />
</div>
`;
