// Jest Snapshot v1, https://goo.gl/fbAQLP

exports[`Tipneed renders correctly 1`] = `
.c0 {
  cursor: pointer;
}

<div
  className="c0"
/>
`;
