// Jest Snapshot v1, https://goo.gl/fbAQLP

exports[`Pagination renders correctly 1`] = `
.c0 {
  border: 1px solid #d7dde5;
  border-radius: 3px;
  background: #fff;
  font-size: 14px;
  position: relative;
  line-height: 30px;
  overflow: hidden;
  box-sizing: border-box;
  display: inline-block;
  vertical-align: top;
}

.c0 ul {
  padding-inline-start: 0;
  margin: 0;
}

.c0 li {
  padding: 5px 8px 6px;
  color: #a0a3aa;
  -webkit-text-decoration: none;
  text-decoration: none;
  display: inline-block;
}

.c0 li .previous a::before {
  content: '‚üµ';
  padding-right: 8px;
  position: relative;
  top: -1px;
  left: 0;
  -webkit-transition: ease all 200ms;
  transition: ease all 200ms;
}

<div
  className="c0"
>
  <ul>
    <li
      className="previous disabled"
    >
      <a
        onClick={[Function]}
        onKeyPress={[Function]}
        role="button"
        tabIndex="0"
      >
        PREV
      </a>
    </li>
    <li
      className="selected"
    >
      <a
        aria-current="page"
        aria-label="Page 1 is your current page"
        onClick={[Function]}
        onKeyPress={[Function]}
        role="button"
        tabIndex="0"
      >
        1
      </a>
    </li>
    <li>
      <a
        aria-current={null}
        aria-label="Page 2"
        onClick={[Function]}
        onKeyPress={[Function]}
        role="button"
        tabIndex="0"
      >
        2
      </a>
    </li>
    <li>
      <a
        aria-current={null}
        aria-label="Page 3"
        onClick={[Function]}
        onKeyPress={[Function]}
        role="button"
        tabIndex="0"
      >
        3
      </a>
    </li>
    <li>
      <a
        aria-current={null}
        aria-label="Page 4"
        onClick={[Function]}
        onKeyPress={[Function]}
        role="button"
        tabIndex="0"
      >
        4
      </a>
    </li>
    <li>
      <a
        aria-current={null}
        aria-label="Page 5"
        onClick={[Function]}
        onKeyPress={[Function]}
        role="button"
        tabIndex="0"
      >
        5
      </a>
    </li>
    <li
      className="next"
    >
      <a
        onClick={[Function]}
        onKeyPress={[Function]}
        role="button"
        tabIndex="0"
      >
        NEXT
      </a>
    </li>
  </ul>
</div>
`;
