// Jest Snapshot v1, https://goo.gl/fbAQLP

exports[`TextArea renders correctly 1`] = `
.c0 {
  vertical-align: middle;
  box-sizing: border-box;
  overflow: hidden;
  outline: none;
  color: #44494e;
  -webkit-transition: all ease 300ms;
  transition: all ease 300ms;
  background: #fff;
  font-weight: 300;
  border: 1px solid #d7dde5;
  border-radius: 3px;
  font-size: 15px;
  line-height: 1.4em;
  min-height: 7em;
  min-width: 260px;
  max-width: 560px;
  width: 100%;
  margin: 6px 0;
  padding: 12px 18px;
}

.c0:focus {
  border-bottom: 1px solid #00aae6;
}

<textarea
  className="c0"
/>
`;
