// Jest Snapshot v1, https://goo.gl/fbAQLP

exports[`Button renders correctly 1`] = `
.c0 {
  display: -webkit-box;
  display: -webkit-flex;
  display: -ms-flexbox;
  display: flex;
  background: #d7dde5;
  -webkit-align-items: center;
  -webkit-box-align: center;
  -ms-flex-align: center;
  align-items: center;
  color: #a0a3aa;
  font-weight: 600;
  border: 1px solid #d7dde5;
  padding: 10px 20px 11px;
  border-radius: 3px;
  height: 1.125rem;
  -webkit-box-pack: center;
  -webkit-justify-content: center;
  -ms-flex-pack: center;
  justify-content: center;
  outline: none;
  -webkit-transition: all 200ms ease;
  transition: all 200ms ease;
  width: 1.125rem;
  cursor: pointer;
  vertical-align: middle;
}

.c0:hover,
.c0:focus {
  -webkit-transform: scale(1.2);
  -ms-transform: scale(1.2);
  transform: scale(1.2);
}

.c0:hover span,
.c0:focus span {
  color: #00aae6;
}

<button
  className="c0"
/>
`;

exports[`TextInput renders correctly 1`] = `
.c0 {
  vertical-align: middle;
  box-sizing: border-box;
  overflow: hidden;
  outline: none;
  font-family: 'Roboto','Helvetica Neue',Helvetica,Arial,sans-serif;
  color: #44494e;
  -webkit-transition: all ease 300ms;
  transition: all ease 300ms;
  background: #fff;
  font-weight: 300;
  border: 1px solid #d7dde5;
  padding: 10px 18px 11px;
  border-radius: 3px;
  font-size: 15px;
  line-height: 1;
  min-width: 260px;
  max-width: 560px;
  width: 100%;
  margin: 6px 0;
}

.c0:focus {
  border-bottom: 1px solid #00aae6;
}

<input
  className="c0"
/>
`;
