// Jest Snapshot v1, https://goo.gl/fbAQLP

exports[`undefined renders correctly 1`] = `
.c2 {
  opacity: 0;
  vertical-align: middle;
  padding: 0;
  margin: 0;
  box-sizing: border-box;
  overflow: hidden;
  outline: none;
  display: inline-block;
  background-color: #fff;
  font-weight: 300;
  border: 1px solid #d7dde5;
  width: 16px;
  height: 16px;
  border-radius: 2px;
  cursor: pointer;
  position: relative;
  -webkit-transition: all ease 300ms;
  transition: all ease 300ms;
}

.c2::after {
  content: '';
  display: block;
  position: absolute;
  border-right: 2px solid #fff;
  border-bottom: 2px solid #fff;
  -webkit-transform: rotate(45deg);
  -ms-transform: rotate(45deg);
  transform: rotate(45deg);
  top: 0;
  left: 3px;
  width: 6px;
  height: 9px;
  border-radius: 2px;
  -webkit-transition: all ease 300ms;
  transition: all ease 300ms;
}

.c2:checked {
  border: 1px solid #00aae60f;
}

.c2:hover {
  background: #00aae60f;
  border: 1px solid #00aae6;
}

.c2:checked::after {
  border-right: 2px solid #00aae6;
  border-bottom: 2px solid #00aae6;
}

.c2:checked:hover {
  border: 1px solid #d7dde5;
}

.c0 {
  -webkit-text-decoration: none;
  text-decoration: none;
  font-weight: 300;
  cursor: pointer;
  vertical-align: middle;
  color: #44494e;
  -webkit-transition: all ease 300ms;
  transition: all ease 300ms;
  line-height: 20px;
  margin: 0 20px 0 -14px;
  left: 24px;
  position: relative;
}

.c0:hover {
  color: #a0a3aa;
}

.c0:disabled {
  color: #c8ccd4;
  cursor: default;
}

.c1 {
  position: absolute;
  top: 0;
  left: 0;
  height: 25px;
  width: 25px;
  background-color: #fff;
}

.c1::after {
  content: '';
  position: absolute;
  display: none;
}

<label
  className="c0"
>
  <span
    className="c1"
  />
  <input
    className="c2"
    onChange={[Function]}
    type="checkbox"
  />
</label>
`;
