// Jest Snapshot v1, https://goo.gl/fbAQLP

exports[`DatePicker renders correctly 1`] = `
.c1 .PresetDateRangePicker_panel {
  padding: 0 22px 11px;
}

.c1 .PresetDateRangePicker_button {
  position: relative;
  height: 100%;
  text-align: center;
  background: 0 0;
  color: #07AAE6;
  padding: 4px 12px;
  margin-right: 8px;
  font: inherit;
  font-weight: 700;
  line-height: normal;
  overflow: visible;
  cursor: pointer;
}

.c1 .PresetDateRangePicker_button:active {
  outline: 0;
}

.c1 .PresetDateRangePicker_button__selected {
  color: #fff;
  background: #07AAE6;
}

.c1 .DayPickerKeyboardShortcuts_buttonReset {
  display: none;
}

.c1 .CalendarDay {
  padding: 1px;
  box-sizing: border-box;
  height: 37px;
  width: 37px;
  color: #44494e;
  text-align: center;
  font-size: 0.875rem;
  line-height: 32px;
  margin: 0;
  border: 1px solid #d7dde5;
  font-weight: 300;
  cursor: pointer;
}

.c1 .CalendarDay:active {
  outline: 0;
}

.c1 .CalendarDay__defaultCursor {
  cursor: default;
}

.c1 .CalendarDay__default {
  border: 1px solid #d7dde5;
  color: #44494e;
  background: #fff;
}

.c1 .CalendarDay__default:hover {
  background: rgba(0,170,230,0.06);
  color: #2A4D8E;
}

.c1 .CalendarDay__hovered_offset {
  background: #F6F8FB;
  border: 1px double #F6F8FB;
  color: inherit;
}

.c1 .CalendarDay__selected_span {
  color: #07AAE6;
  background: rgba(151,204,246,0.06);
}

.c1 .CalendarDay__selected_span:active,
.c1 .CalendarDay__selected_span:hover {
  background: rgba(151,204,246,0.06);
  color: #2A4D8E;
}

.c1 .CalendarDay__last_in_range,
.c1 .CalendarDay__last_in_range:hover {
  border-style: solid;
}

.c1 .CalendarDay__selected {
  background: #07AAE6;
  color: #fff;
  font-weight: 500;
  cursor: pointer;
}

.c1 .CalendarDay__selected:hover {
  background: rgba(151,204,246,0.06);
  color: #2a4d8e;
  border: 1px solid #d7dde5;
}

.c1 .CalendarDay__hovered_span,
.c1 .CalendarDay__hovered_span:hover {
  border: 1px double #d7dde5;
  color: #07AAE6;
  background: rgba(151,204,246,0.06);
}

.c1 .CalendarDay__hovered_span:active {
  border: 1px double #d7dde5;
  color: #07AAE6;
  background: rgba(151,204,246,0.06);
}

.c1 .CalendarDay__blocked_calendar,
.c1 .CalendarDay__blocked_calendar:active,
.c1 .CalendarDay__blocked_calendar:hover {
  background: #F6F8FB;
  border: 1px solid #F6F8FB;
  color: #c8ccd4;
}

.c1 .CalendarDay__blocked_out_of_range,
.c1 .CalendarDay__blocked_out_of_range:active,
.c1 .CalendarDay__blocked_out_of_range:hover {
  background: #fff;
  border: 1px solid #F6F8FB;
  color: #c8ccd4;
}

.c1 .CalendarMonth {
  background: #fff;
  text-align: center;
  vertical-align: top;
  -webkit-user-select: none;
  -moz-user-select: none;
  -ms-user-select: none;
  user-select: none;
}

.c1 .CalendarMonth_table {
  border-collapse: collapse;
  border-spacing: 0;
}

.c1 .CalendarMonth_verticalSpacing {
  border-collapse: separate;
}

.c1 .CalendarMonth_caption {
  color: #2A4D8E;
  font-size: 1.25rem;
  text-align: center;
  padding-top: 20px;
  padding-bottom: 48px;
  font-weight: 300 !important;
}

.c1 .CalendarMonth_caption strong {
  font-weight: 300 !important;
}

.c1 .CalendarMonth_caption__verticalScrollable {
  padding-top: 12px;
  padding-bottom: 7px;
}

.c1 .CalendarMonthGrid {
  background: #fff;
  text-align: left;
  z-index: 0;
}

.c1 .CalendarMonthGrid__animating {
  z-index: 1;
}

.c1 .CalendarMonthGrid__horizontal {
  position: absolute;
  left: 9px;
}

.c1 .CalendarMonthGrid__vertical {
  margin: 0 auto;
}

.c1 .CalendarMonthGrid__vertical_scrollable {
  margin: 0 auto;
  overflow-y: scroll;
}

.c1 .CalendarMonthGrid_month__horizontal {
  display: inline-block;
  vertical-align: top;
  min-height: 100%;
}

.c1 .CalendarMonthGrid_month__hideForAnimation {
  position: absolute;
  z-index: -1;
  opacity: 0;
  pointer-events: none;
}

.c1 .CalendarMonthGrid_month__hidden {
  visibility: hidden;
}

.c1 .DayPickerNavigation {
  position: relative;
  z-index: 2;
}

.c1 .DayPickerNavigation__horizontal {
  height: 0;
}

.c1 .DayPickerNavigation__verticalDefault {
  position: absolute;
  width: 100%;
  height: 52px;
  bottom: 0;
  left: 0;
}

.c1 .DayPickerNavigation__verticalScrollableDefault {
  position: relative;
}

.c1 .DayPickerNavigation_button {
  cursor: pointer;
  -webkit-user-select: none;
  -moz-user-select: none;
  -ms-user-select: none;
  user-select: none;
  border: 0;
  padding: 0;
  margin: 0;
}

.c1 .DayPickerNavigation_button__default {
  background-color: #fff;
}

.c1 .DayPickerNavigation_button__default:hover {
  border-color: #07AAE6;
}

.c1 .DayPickerNavigation_button__default:hover svg {
  fill: #07AAE6;
}

.c1 .DayPickerNavigation_button__horizontalDefault {
  position: absolute;
  top: 18px;
  line-height: 0.78;
  border-radius: 3px;
  padding: 6px 9px;
}

.c1 .DayPickerNavigation_leftButton__horizontalDefault,
.c1 .DayPickerNavigation_rightButton__horizontalDefault {
  border: 1px solid #d7dde5;
  color: #b9c1cb;
  -webkit-transition: all ease 300ms;
  transition: all ease 300ms;
}

.c1 .DayPickerNavigation_leftButton__horizontalDefault {
  left: 22px;
}

.c1 .DayPickerNavigation_rightButton__horizontalDefault {
  right: 22px;
}

.c1 .DayPickerNavigation_button__verticalDefault {
  padding: 5px;
  background: #fff;
  box-shadow: 0 0 5px 2px rgba(0,0,0,0.1);
  position: relative;
  display: inline-block;
  text-align: center;
  height: 100%;
  width: 50%;
}

.c1 .DayPickerNavigation_nextButton__verticalDefault {
  border-left: 0;
}

.c1 .DayPickerNavigation_nextButton__verticalScrollableDefault {
  width: 100%;
}

.c1 .DayPickerNavigation_rightButton__horizontalDefault:hover {
  padding-left: 12px;
  padding-right: 8px;
}

.c1 .DayPickerNavigation_leftButton__horizontalDefault:hover {
  padding-right: 12px;
  padding-left: 8px;
}

.c1 .DayPickerNavigation_svg__horizontal {
  height: 19px;
  width: 19px;
  fill: #b9c1cb;
  display: block;
}

.c1 .DayPickerNavigation_svg__vertical {
  height: 42px;
  width: 42px;
  fill: #b9c1cb;
}

.c1 .DayPicker {
  background: #fff;
  position: relative;
  text-align: left;
}

.c1 .DayPicker__horizontal {
  background: #fff;
}

.c1 .DayPicker__verticalScrollable {
  height: 100%;
}

.c1 .DayPicker__hidden {
  visibility: hidden;
}

.c1 .DayPicker__withBorder {
  box-shadow: 0 2px 10px rgba(0,0,0,0.1);
  border-radius: 3px;
}

.c1 .DayPicker_portal__horizontal {
  box-shadow: none;
  position: absolute;
  left: 50%;
  top: 50%;
}

.c1 .DayPicker_portal__vertical {
  position: initial;
}

.c1 .DayPicker_focusRegion {
  outline: 0;
}

.c1 .DayPicker_calendarInfo__horizontal,
.c1 .DayPicker_wrapper__horizontal {
  display: inline-block;
  vertical-align: top;
}

.c1 .DayPicker_weekHeaders {
  position: relative;
}

.c1 .DayPicker_weekHeaders__horizontal {
  margin-left: 9px;
}

.c1 .DayPicker_weekHeader {
  color: #a0a3aa;
  font-size: 1rem;
  position: absolute;
  top: 62px;
  z-index: 2;
  text-align: left;
  padding: 0 13px;
}

.c1 .DayPicker_weekHeader__vertical {
  left: 50%;
}

.c1 .DayPicker_weekHeader__verticalScrollable {
  top: 0;
  display: table-row;
  border-bottom: 1px solid #dbdbdb;
  background: #fff;
  margin-left: 0;
  left: 0;
  width: 100%;
  text-align: center;
}

.c1 .DayPicker_weekHeader_ul {
  list-style: none;
  margin: 1px 0;
  padding-left: 0;
  padding-right: 0;
  font-size: 1rem;
  font-weight: 300;
}

.c1 .DayPicker_weekHeader_li {
  display: inline-block;
  text-align: center;
}

.c1 .DayPicker_transitionContainer {
  position: relative;
  overflow: hidden;
  border-radius: 3px;
}

.c1 .DayPicker_transitionContainer__horizontal {
  -webkit-transition: height 0.2s ease-in-out;
  transition: height 0.2s ease-in-out;
}

.c1 .DayPicker_transitionContainer__vertical {
  width: 100%;
}

.c1 .DayPicker_transitionContainer__verticalScrollable {
  padding-top: 20px;
  height: 100%;
  position: absolute;
  top: 0;
  bottom: 0;
  right: 0;
  left: 0;
  overflow-y: scroll;
}

.c1 .DateInput {
  margin: 0;
  padding: 0;
  background: #fff;
  position: relative;
  display: inline-block;
  width: 85px;
  vertical-align: middle;
}

.c1 .DateInput__small {
  width: 97px;
}

.c1 .DateInput__block {
  width: 100%;
}

.c1 .DateInput__disabled {
  background: #F6F8FB;
  color: #c8ccd4;
}

.c1 .DateInput_input {
  font-weight: 100;
  background-color: #fff;
  width: 100%;
  padding: 0 5px;
  border: 0;
  border-top: 0;
  border-right: 0;
  border-bottom: 2px solid transparent;
  border-left: 0;
  border-radius: 0;
  display: inline-block;
  font-size: 1rem;
  line-height: 28px;
  cursor: pointer;
  color: #44494e;
  text-align: center;
}

.c1 .DateInput_input__small {
  font-size: 0.875rem;
  line-height: 18px;
  -webkit-letter-spacing: 0.2px;
  -moz-letter-spacing: 0.2px;
  -ms-letter-spacing: 0.2px;
  letter-spacing: 0.2px;
  padding: 7px 7px 5px;
}

.c1 .DateInput_input__regular {
  font-weight: auto;
}

.c1 .DateInput_input__readOnly {
  -webkit-user-select: none;
  -moz-user-select: none;
  -ms-user-select: none;
  user-select: none;
}

.c1 .DateInput_input__focused {
  border-bottom: 2px solid #07AAE6;
}

.c1 .DateInput_input__disabled {
  background: #F6F8FB;
  font-style: italic;
}

.c1 .DateInput_screenReaderMessage {
  border: 0;
  -webkit-clip: rect(0,0,0,0);
  clip: rect(0,0,0,0);
  height: 1px;
  margin: -1px;
  overflow: hidden;
  padding: 0;
  position: absolute;
  width: 1px;
}

.c1 .DateInput_fang {
  display: none;
}

.c1 .DateRangePickerInput {
  padding: 5px 10px;
  box-sizing: border-box;
  background: #fff;
  border: 1px solid #d7dde5;
  border-radius: 3px;
  display: inline-block;
  cursor: pointer;
  position: relative;
}

.c1 .DateRangePickerInput__disabled {
  background: #F6F8FB;
}

.c1 .DateRangePickerInput__withBorder {
  border-radius: 3px;
  border: 1px solid #d7dde5;
}

.c1 .DateRangePickerInput__rtl {
  direction: rtl;
}

.c1 .DateRangePickerInput__block {
  display: block;
}

.c1 .DateRangePickerInput__showClearDates {
  padding-right: 30px;
}

.c1 .DateRangePickerInput_arrow {
  display: inline-block;
  vertical-align: middle;
  padding: 5px 10px;
  font-size: 0.875rem;
  line-height: 16px;
  color: #a0a3aa;
  font-weight: 300;
}

.c1 .DateRangePicker {
  position: relative;
  display: inline-block;
}

.c1 .DateRangePicker__block {
  display: block;
}

.c1 .DateRangePicker_picker {
  z-index: 1;
  background-color: #fff;
  position: absolute;
  top: 43px !important;
}

.c1 .DateRangePicker_picker__rtl {
  direction: rtl;
}

.c1 .DateRangePicker_picker__directionLeft {
  left: 0;
}

.c1 .DateRangePicker_picker__directionRight {
  right: 0;
}

.c1 .DateRangePicker_picker__portal {
  background-color: #F6F8FB;
  position: fixed;
  top: 0;
  left: 0;
  height: 100%;
  width: 100%;
}

.c1 .DateRangePicker_picker__fullScreenPortal {
  background-color: #fff;
}

.c0 .datepreset {
  width: 96px;
  padding: 64px 20px 10px;
}

.c0 .datepreset label {
  display: block;
  color: #a0a3aa;
  font-size: 0.875rem;
  -webkit-transition: ease 200ms color;
  transition: ease 200ms color;
  cursor: pointer;
  font-weight: 300;
  padding: 7px;
}

.c0 .datepreset label:hover {
  color: #44494e;
}

.c0 .datepreset label.active {
  color: #2A4D8E;
}

.c0 .datepreset label.active::before {
  height: 6px;
  width: 6px;
  content: '';
  display: inline-block;
  border-right: 1px solid #2A4D8E;
  border-top: 1px solid #2A4D8E;
  -webkit-transform: rotate(45deg);
  -ms-transform: rotate(45deg);
  transform: rotate(45deg);
  margin-right: 8px;
  position: relative;
  top: -2px;
}

<span
  className="c0 c1"
>
  <div
    className="DateRangePicker DateRangePicker_1"
  >
    <div>
      <div
        className="DateRangePickerInput DateRangePickerInput_1 DateRangePickerInput__withBorder DateRangePickerInput__withBorder_2"
      >
        <div
          className="DateInput DateInput_1"
        >
          <input
            aria-describedby="DateInput__screen-reader-message-startDate"
            aria-label="Start Date"
            autoComplete="off"
            className="DateInput_input DateInput_input_1 DateInput_input__readOnly DateInput_input__readOnly_2"
            disabled={false}
            id="startDate"
            name="startDate"
            onChange={[Function]}
            onFocus={[Function]}
            onKeyDown={[Function]}
            placeholder="Start Date"
            readOnly={true}
            required={false}
            type="text"
            value=""
          />
          <p
            className="DateInput_screenReaderMessage DateInput_screenReaderMessage_1"
            id="DateInput__screen-reader-message-startDate"
          >
            Press the down arrow key to interact with the calendar and
  select a date. Press the question mark key to get the keyboard shortcuts for changing dates.
          </p>
        </div>
        <div
          aria-hidden="true"
          className="DateRangePickerInput_arrow DateRangePickerInput_arrow_1"
          role="presentation"
        >
          to
        </div>
        <div
          className="DateInput DateInput_1"
        >
          <input
            aria-describedby="DateInput__screen-reader-message-endDate"
            aria-label="End Date"
            autoComplete="off"
            className="DateInput_input DateInput_input_1 DateInput_input__readOnly DateInput_input__readOnly_2"
            disabled={false}
            id="endDate"
            name="endDate"
            onChange={[Function]}
            onFocus={[Function]}
            onKeyDown={[Function]}
            placeholder="End Date"
            readOnly={true}
            required={false}
            type="text"
            value=""
          />
          <p
            className="DateInput_screenReaderMessage DateInput_screenReaderMessage_1"
            id="DateInput__screen-reader-message-endDate"
          >
            Press the down arrow key to interact with the calendar and
  select a date. Press the question mark key to get the keyboard shortcuts for changing dates.
          </p>
        </div>
      </div>
    </div>
  </div>
</span>
`;
