// Jest Snapshot v1, https://goo.gl/fbAQLP

exports[`Button renders correctly 1`] = `
.c0 {
  display: -webkit-box;
  display: -webkit-flex;
  display: -ms-flexbox;
  display: flex;
  background: #fff;
  -webkit-align-items: center;
  -webkit-box-align: center;
  -ms-flex-align: center;
  align-items: center;
  color: #44494e;
  font-weight: 300;
  border: 1px solid #d7dde5;
  padding: 10px 20px 11px;
  border-radius: 3px;
  font-size: 15px;
  -webkit-box-pack: center;
  -webkit-justify-content: center;
  -ms-flex-pack: center;
  justify-content: center;
  outline: none;
  -webkit-transition: all ease 300ms;
  transition: all ease 300ms;
  cursor: pointer;
  vertical-align: middle;
  -webkit-letter-spacing: 0.015em;
  -moz-letter-spacing: 0.015em;
  -ms-letter-spacing: 0.015em;
  letter-spacing: 0.015em;
  line-height: 1;
}

.c0:hover {
  border-color: #00aae6;
}

.c0:hover span {
  color: #00aae6;
}

.c0:hover i {
  color: #44494e;
}

<button
  className="c0"
/>
`;
